dsdsddasdadsa